      Time    Seg1Ten 
       (s)        (N) 
    0.0000 0.0000E+00
    0.0125 0.0000E+00
    0.0250 0.0000E+00
    0.0375 0.0000E+00
    0.0500 0.0000E+00
    0.0625 0.0000E+00
    0.0750 0.0000E+00
    0.0875 0.0000E+00
    0.1000 0.0000E+00
